// Jest Snapshot v1, https://goo.gl/fbAQLP

exports[`Weather component Should render the component correctly 1`] = `
<div
  className="weather__situation"
>
  <div
    className="center"
  >
    <h1
      className="degree"
    >
      20
      Â°
    </h1>
  </div>
  <div
    className="center"
  >
    <h1
      className="cityName"
    >
      Athens
    </h1>
    <h3
      className="date"
    >
      04.11.2020
    </h3>
  </div>
  <div
    className="center"
  >
    <img
      alt=""
      src="https://openweathermap.org/img/wn/02d@2x.png"
    />
  </div>
</div>
`;
