// Jest Snapshot v1, https://goo.gl/fbAQLP

exports[`Weather details component Should render the component correctly 1`] = `
<div
  className="weatherDetails"
>
  <img
    alt="logo"
    className="loading"
    src="logo.png"
  />
</div>
`;
